[2026-05-12 13:00:54] Otonom onarım süreci başlatıldı.
[2026-05-12 13:00:54] Eksik paketler uv ile mühürleniyor...
[2026-05-12 13:01:01] Otonom onarım süreci başlatıldı.
[2026-05-12 13:01:01] Eksik paketler uv ile mühürleniyor...
[2026-05-12 13:01:40] Otonom onarım süreci başlatıldı.
[2026-05-12 13:01:40] Eksik paketler uv ile mühürleniyor...
[2026-05-12 13:01:42] Otonom onarım süreci başlatıldı.
[2026-05-12 13:01:42] Eksik paketler uv ile mühürleniyor...
[2026-05-12 13:01:46] Dizin yolları kontrol ediliyor...
[2026-05-12 13:01:46] Kod yapısı Ruff ve Black ile disipline ediliyor...
[2026-05-12 13:01:47] Dizin yolları kontrol ediliyor...
[2026-05-12 13:01:47] Kod yapısı Ruff ve Black ile disipline ediliyor...
[2026-05-12 13:01:47] Dizin yolları kontrol ediliyor...
[2026-05-12 13:01:47] Kod yapısı Ruff ve Black ile disipline ediliyor...
[2026-05-12 13:01:47] Dizin yolları kontrol ediliyor...
[2026-05-12 13:01:47] Kod yapısı Ruff ve Black ile disipline ediliyor...
[2026-05-12 13:01:48] Dosya izinleri optimize ediliyor...
[2026-05-12 13:01:48] Sistem testi başlatılıyor...
[2026-05-12 13:01:48] Test Başarılı: import numpy
[2026-05-12 13:01:48] Test Başarılı: import psutil
[2026-05-12 13:01:48] Test Başarılı: import requests
[2026-05-12 13:01:48] Onarım tamamlandı. Sistem stabil.
[2026-05-12 13:01:49] Otonom onarım süreci başlatıldı.
[2026-05-12 13:01:49] Eksik paketler uv ile mühürleniyor...
[2026-05-12 13:01:50] Dosya izinleri optimize ediliyor...
[2026-05-12 13:01:50] Sistem testi başlatılıyor...
[2026-05-12 13:01:50] Dosya izinleri optimize ediliyor...
[2026-05-12 13:01:50] Test Başarılı: import numpy
[2026-05-12 13:01:50] Sistem testi başlatılıyor...
[2026-05-12 13:01:50] Dosya izinleri optimize ediliyor...
[2026-05-12 13:01:50] Test Başarılı: import psutil
[2026-05-12 13:01:50] Sistem testi başlatılıyor...
[2026-05-12 13:01:50] Test Başarılı: import numpy
[2026-05-12 13:01:51] Dizin yolları kontrol ediliyor...
[2026-05-12 13:01:51] Kod yapısı Ruff ve Black ile disipline ediliyor...
[2026-05-12 13:01:51] Test Başarılı: import psutil
[2026-05-12 13:01:51] Test Başarılı: import requests
[2026-05-12 13:01:51] Onarım tamamlandı. Sistem stabil.
[2026-05-12 13:01:51] Test Başarılı: import numpy
[2026-05-12 13:01:51] Test Başarılı: import psutil
[2026-05-12 13:01:51] Test Başarılı: import requests
[2026-05-12 13:01:51] Onarım tamamlandı. Sistem stabil.
[2026-05-12 13:01:51] Test Başarılı: import requests
[2026-05-12 13:01:51] Onarım tamamlandı. Sistem stabil.
[2026-05-12 13:01:52] Dosya izinleri optimize ediliyor...
[2026-05-12 13:01:52] Sistem testi başlatılıyor...
[2026-05-12 13:01:53] Test Başarılı: import numpy
[2026-05-12 13:01:53] Test Başarılı: import psutil
[2026-05-12 13:01:53] Test Başarılı: import requests
[2026-05-12 13:01:53] Onarım tamamlandı. Sistem stabil.
